2025-11-21T21:12:13.2633982Z Current runner version: '2.329.0'
2025-11-21T21:12:13.2657604Z ##[group]Runner Image Provisioner
2025-11-21T21:12:13.2658376Z Hosted Compute Agent
2025-11-21T21:12:13.2658842Z Version: 20251016.436
2025-11-21T21:12:13.2659376Z Commit: 8ab8ac8bfd662a3739dab9fe09456aba92132568
2025-11-21T21:12:13.2660022Z Build Date: 2025-10-15T20:44:12Z
2025-11-21T21:12:13.2660521Z ##[endgroup]
2025-11-21T21:12:13.2660981Z ##[group]Operating System
2025-11-21T21:12:13.2661501Z Microsoft Windows Server 2025
2025-11-21T21:12:13.2662019Z 10.0.26100
2025-11-21T21:12:13.2662410Z Datacenter
2025-11-21T21:12:13.2662827Z ##[endgroup]
2025-11-21T21:12:13.2663230Z ##[group]Runner Image
2025-11-21T21:12:13.2663704Z Image: windows-2025
2025-11-21T21:12:13.2664156Z Version: 20251102.77.1
2025-11-21T21:12:13.2665058Z Included Software: https://github.com/actions/runner-images/blob/win25/20251102.77/images/windows/Windows2025-Readme.md
2025-11-21T21:12:13.2666780Z Image Release: https://github.com/actions/runner-images/releases/tag/win25%2F20251102.77
2025-11-21T21:12:13.2667722Z ##[endgroup]
2025-11-21T21:12:13.2668712Z ##[group]GITHUB_TOKEN Permissions
2025-11-21T21:12:13.2670381Z Contents: read
2025-11-21T21:12:13.2670832Z Metadata: read
2025-11-21T21:12:13.2671287Z Packages: read
2025-11-21T21:12:13.2671709Z ##[endgroup]
2025-11-21T21:12:13.2673580Z Secret source: Actions
2025-11-21T21:12:13.2674152Z Prepare workflow directory
2025-11-21T21:12:13.2996257Z Prepare all required actions
2025-11-21T21:12:13.3036103Z Getting action download info
2025-11-21T21:12:13.6193464Z Download action repository 'actions/checkout@v3' (SHA:f43a0e5ff2bd294095638e18286ca9a3d1956744)
2025-11-21T21:12:13.7416427Z Download action repository 'actions/setup-python@v3' (SHA:3542bca2639a428e1796aaa6a2ffef0c0f575566)
2025-11-21T21:12:13.8591714Z Download action repository 'microsoft/setup-msbuild@v1.1' (SHA:34cfbaee7f672c76950673338facd8a73f637506)
2025-11-21T21:12:14.3489746Z Download action repository 'actions/upload-artifact@v4' (SHA:ea165f8d65b6e75b540449e92b4886f43607fa02)
2025-11-21T21:12:14.6721769Z Complete job name: build
2025-11-21T21:12:14.7994612Z ##[group]Run actions/checkout@v3
2025-11-21T21:12:14.7995580Z with:
2025-11-21T21:12:14.7996034Z   repository: Evolver2025/excel-image-compressor
2025-11-21T21:12:14.7996740Z   token: ***
2025-11-21T21:12:14.7997116Z   ssh-strict: true
2025-11-21T21:12:14.7997533Z   persist-credentials: true
2025-11-21T21:12:14.7997966Z   clean: true
2025-11-21T21:12:14.7998384Z   sparse-checkout-cone-mode: true
2025-11-21T21:12:14.7998876Z   fetch-depth: 1
2025-11-21T21:12:14.7999257Z   fetch-tags: false
2025-11-21T21:12:14.7999637Z   lfs: false
2025-11-21T21:12:14.8000016Z   submodules: false
2025-11-21T21:12:14.8000425Z   set-safe-directory: true
2025-11-21T21:12:14.8001079Z ##[endgroup]
2025-11-21T21:12:14.9325577Z Syncing repository: Evolver2025/excel-image-compressor
2025-11-21T21:12:14.9327332Z ##[group]Getting Git version info
2025-11-21T21:12:14.9328097Z Working directory is 'D:\a\excel-image-compressor\excel-image-compressor'
2025-11-21T21:12:15.0337362Z [command]"C:\Program Files\Git\bin\git.exe" version
2025-11-21T21:12:15.3862160Z git version 2.51.2.windows.1
2025-11-21T21:12:15.3925026Z ##[endgroup]
2025-11-21T21:12:15.3947871Z Temporarily overriding HOME='D:\a\_temp\7d7e5b1b-7783-494a-b7e6-3197321f8c3a' before making global git config changes
2025-11-21T21:12:15.3949374Z Adding repository directory to the temporary git global config as a safe directory
2025-11-21T21:12:15.3956062Z [command]"C:\Program Files\Git\bin\git.exe" config --global --add safe.directory D:\a\excel-image-compressor\excel-image-compressor
2025-11-21T21:12:15.4491194Z Deleting the contents of 'D:\a\excel-image-compressor\excel-image-compressor'
2025-11-21T21:12:15.4497856Z ##[group]Initializing the repository
2025-11-21T21:12:15.4506018Z [command]"C:\Program Files\Git\bin\git.exe" init D:\a\excel-image-compressor\excel-image-compressor
2025-11-21T21:12:15.5199996Z Initialized empty Git repository in D:/a/excel-image-compressor/excel-image-compressor/.git/
2025-11-21T21:12:15.5241828Z [command]"C:\Program Files\Git\bin\git.exe" remote add origin https://github.com/Evolver2025/excel-image-compressor
2025-11-21T21:12:15.5758172Z ##[endgroup]
2025-11-21T21:12:15.5759280Z ##[group]Disabling automatic garbage collection
2025-11-21T21:12:15.5765013Z [command]"C:\Program Files\Git\bin\git.exe" config --local gc.auto 0
2025-11-21T21:12:15.6037398Z ##[endgroup]
2025-11-21T21:12:15.6038063Z ##[group]Setting up auth
2025-11-21T21:12:15.6047235Z [command]"C:\Program Files\Git\bin\git.exe" config --local --name-only --get-regexp core\.sshCommand
2025-11-21T21:12:15.6321751Z [command]"C:\Program Files\Git\bin\git.exe" submodule foreach --recursive "sh -c \"git config --local --name-only --get-regexp 'core\.sshCommand' && git config --local --unset-all 'core.sshCommand' || :\""
2025-11-21T21:12:16.9715664Z [command]"C:\Program Files\Git\bin\git.exe" config --local --name-only --get-regexp http\.https\:\/\/github\.com\/\.extraheader
2025-11-21T21:12:16.9995992Z [command]"C:\Program Files\Git\bin\git.exe" submodule foreach --recursive "sh -c \"git config --local --name-only --get-regexp 'http\.https\:\/\/github\.com\/\.extraheader' && git config --local --unset-all 'http.https://github.com/.extraheader' || :\""
2025-11-21T21:12:17.5080396Z [command]"C:\Program Files\Git\bin\git.exe" config --local http.https://github.com/.extraheader "AUTHORIZATION: basic ***"
2025-11-21T21:12:17.5370350Z ##[endgroup]
2025-11-21T21:12:17.5370883Z ##[group]Fetching the repository
2025-11-21T21:12:17.5382358Z [command]"C:\Program Files\Git\bin\git.exe" -c protocol.version=2 fetch --no-tags --prune --progress --no-recurse-submodules --depth=1 origin +605133da240481abac5ad629a223b4b1ef2d50c8:refs/remotes/origin/main
2025-11-21T21:12:18.3467932Z remote: Enumerating objects: 26, done.        
2025-11-21T21:12:18.3468749Z remote: Counting objects:   3% (1/26)        
2025-11-21T21:12:18.3469328Z remote: Counting objects:   7% (2/26)        
2025-11-21T21:12:18.3469873Z remote: Counting objects:  11% (3/26)        
2025-11-21T21:12:18.3472894Z remote: Counting objects:  15% (4/26)        
2025-11-21T21:12:18.3473442Z remote: Counting objects:  19% (5/26)        
2025-11-21T21:12:18.3473916Z remote: Counting objects:  23% (6/26)        
2025-11-21T21:12:18.3474347Z remote: Counting objects:  26% (7/26)        
2025-11-21T21:12:18.3474692Z remote: Counting objects:  30% (8/26)        
2025-11-21T21:12:18.3475153Z remote: Counting objects:  34% (9/26)        
2025-11-21T21:12:18.3475504Z remote: Counting objects:  38% (10/26)        
2025-11-21T21:12:18.3476105Z remote: Counting objects:  42% (11/26)        
2025-11-21T21:12:18.3476413Z remote: Counting objects:  46% (12/26)        
2025-11-21T21:12:18.3477360Z remote: Counting objects:  50% (13/26)        
2025-11-21T21:12:18.3477852Z remote: Counting objects:  53% (14/26)        
2025-11-21T21:12:18.3478394Z remote: Counting objects:  57% (15/26)        
2025-11-21T21:12:18.3478925Z remote: Counting objects:  61% (16/26)        
2025-11-21T21:12:18.3479455Z remote: Counting objects:  65% (17/26)        
2025-11-21T21:12:18.3480046Z remote: Counting objects:  69% (18/26)        
2025-11-21T21:12:18.3480548Z remote: Counting objects:  73% (19/26)        
2025-11-21T21:12:18.3481083Z remote: Counting objects:  76% (20/26)        
2025-11-21T21:12:18.3481599Z remote: Counting objects:  80% (21/26)        
2025-11-21T21:12:18.3482134Z remote: Counting objects:  84% (22/26)        
2025-11-21T21:12:18.3482774Z remote: Counting objects:  88% (23/26)        
2025-11-21T21:12:18.3483233Z remote: Counting objects:  92% (24/26)        
2025-11-21T21:12:18.3483604Z remote: Counting objects:  96% (25/26)        
2025-11-21T21:12:18.3484034Z remote: Counting objects: 100% (26/26)        
2025-11-21T21:12:18.3484476Z remote: Counting objects: 100% (26/26), done.        
2025-11-21T21:12:18.3484901Z remote: Compressing objects:   4% (1/24)        
2025-11-21T21:12:18.3485331Z remote: Compressing objects:   8% (2/24)        
2025-11-21T21:12:18.3486883Z remote: Compressing objects:  12% (3/24)        
2025-11-21T21:12:18.3487374Z remote: Compressing objects:  16% (4/24)        
2025-11-21T21:12:18.3487688Z remote: Compressing objects:  20% (5/24)        
2025-11-21T21:12:18.3488003Z remote: Compressing objects:  25% (6/24)        
2025-11-21T21:12:18.3488409Z remote: Compressing objects:  29% (7/24)        
2025-11-21T21:12:18.3488773Z remote: Compressing objects:  33% (8/24)        
2025-11-21T21:12:18.3489070Z remote: Compressing objects:  37% (9/24)        
2025-11-21T21:12:18.3489375Z remote: Compressing objects:  41% (10/24)        
2025-11-21T21:12:18.3489673Z remote: Compressing objects:  45% (11/24)        
2025-11-21T21:12:18.3489979Z remote: Compressing objects:  50% (12/24)        
2025-11-21T21:12:18.3490273Z remote: Compressing objects:  54% (13/24)        
2025-11-21T21:12:18.3490569Z remote: Compressing objects:  58% (14/24)        
2025-11-21T21:12:18.3490881Z remote: Compressing objects:  62% (15/24)        
2025-11-21T21:12:18.3491183Z remote: Compressing objects:  66% (16/24)        
2025-11-21T21:12:18.3491581Z remote: Compressing objects:  70% (17/24)        
2025-11-21T21:12:18.3491943Z remote: Compressing objects:  75% (18/24)        
2025-11-21T21:12:18.3492274Z remote: Compressing objects:  79% (19/24)        
2025-11-21T21:12:18.3492690Z remote: Compressing objects:  83% (20/24)        
2025-11-21T21:12:18.3493023Z remote: Compressing objects:  87% (21/24)        
2025-11-21T21:12:18.3493317Z remote: Compressing objects:  91% (22/24)        
2025-11-21T21:12:18.3493615Z remote: Compressing objects:  95% (23/24)        
2025-11-21T21:12:18.3493905Z remote: Compressing objects: 100% (24/24)        
2025-11-21T21:12:18.3494232Z remote: Compressing objects: 100% (24/24), done.        
2025-11-21T21:12:18.4732401Z remote: Total 26 (delta 0), reused 23 (delta 0), pack-reused 0 (from 0)        
2025-11-21T21:12:18.5513592Z From https://github.com/Evolver2025/excel-image-compressor
2025-11-21T21:12:18.5515289Z  * [new ref]         605133da240481abac5ad629a223b4b1ef2d50c8 -> origin/main
2025-11-21T21:12:18.5871289Z ##[endgroup]
2025-11-21T21:12:18.5872154Z ##[group]Determining the checkout info
2025-11-21T21:12:18.5875149Z ##[endgroup]
2025-11-21T21:12:18.5875483Z ##[group]Checking out the ref
2025-11-21T21:12:18.5887466Z [command]"C:\Program Files\Git\bin\git.exe" checkout --progress --force -B main refs/remotes/origin/main
2025-11-21T21:12:18.6553357Z branch 'main' set up to track 'origin/main'.
2025-11-21T21:12:18.6561503Z Switched to a new branch 'main'
2025-11-21T21:12:18.6596017Z ##[endgroup]
2025-11-21T21:12:18.7119498Z [command]"C:\Program Files\Git\bin\git.exe" log -1 --format='%H'
2025-11-21T21:12:18.7396704Z '605133da240481abac5ad629a223b4b1ef2d50c8'
2025-11-21T21:12:18.7777653Z ##[group]Run actions/setup-python@v3
2025-11-21T21:12:18.7777937Z with:
2025-11-21T21:12:18.7778108Z   python-version: 3.10
2025-11-21T21:12:18.7778450Z   token: ***
2025-11-21T21:12:18.7778604Z ##[endgroup]
2025-11-21T21:12:18.9515292Z Successfully setup CPython (3.10.11)
2025-11-21T21:12:18.9757583Z ##[group]Run python -m pip install --upgrade pip
2025-11-21T21:12:18.9757987Z [36;1mpython -m pip install --upgrade pip[0m
2025-11-21T21:12:18.9758265Z [36;1mpip install pyinstaller[0m
2025-11-21T21:12:19.0505670Z shell: C:\Program Files\PowerShell\7\pwsh.EXE -command ". '{0}'"
2025-11-21T21:12:19.0506051Z env:
2025-11-21T21:12:19.0506335Z   pythonLocation: C:\hostedtoolcache\windows\Python\3.10.11\x64
2025-11-21T21:12:19.0506696Z ##[endgroup]
2025-11-21T21:12:26.8004544Z Requirement already satisfied: pip in c:\hostedtoolcache\windows\python\3.10.11\x64\lib\site-packages (25.3)
2025-11-21T21:12:28.2905179Z Collecting pyinstaller
2025-11-21T21:12:28.3473285Z   Downloading pyinstaller-6.16.0-py3-none-win_amd64.whl.metadata (8.5 kB)
2025-11-21T21:12:28.4027691Z Collecting altgraph (from pyinstaller)
2025-11-21T21:12:28.4149297Z   Downloading altgraph-0.17.5-py2.py3-none-any.whl.metadata (7.5 kB)
2025-11-21T21:12:28.4770724Z Collecting packaging>=22.0 (from pyinstaller)
2025-11-21T21:12:28.4889111Z   Downloading packaging-25.0-py3-none-any.whl.metadata (3.3 kB)
2025-11-21T21:12:28.5454769Z Collecting pefile!=2024.8.26,>=2022.5.30 (from pyinstaller)
2025-11-21T21:12:28.5675710Z   Downloading pefile-2023.2.7-py3-none-any.whl.metadata (1.4 kB)
2025-11-21T21:12:28.6327003Z Collecting pyinstaller-hooks-contrib>=2025.8 (from pyinstaller)
2025-11-21T21:12:28.6492908Z   Downloading pyinstaller_hooks_contrib-2025.9-py3-none-any.whl.metadata (16 kB)
2025-11-21T21:12:28.6978494Z Collecting pywin32-ctypes>=0.2.1 (from pyinstaller)
2025-11-21T21:12:28.7099465Z   Downloading pywin32_ctypes-0.2.3-py3-none-any.whl.metadata (3.9 kB)
2025-11-21T21:12:28.7264647Z Requirement already satisfied: setuptools>=42.0.0 in c:\hostedtoolcache\windows\python\3.10.11\x64\lib\site-packages (from pyinstaller) (65.5.0)
2025-11-21T21:12:28.7488993Z Downloading pyinstaller-6.16.0-py3-none-win_amd64.whl (1.4 MB)
2025-11-21T21:12:28.8235273Z    ---------------------------------------- 1.4/1.4 MB 23.7 MB/s  0:00:00
2025-11-21T21:12:28.8352729Z Downloading packaging-25.0-py3-none-any.whl (66 kB)
2025-11-21T21:12:28.8667811Z Downloading pefile-2023.2.7-py3-none-any.whl (71 kB)
2025-11-21T21:12:28.8944302Z Downloading pyinstaller_hooks_contrib-2025.9-py3-none-any.whl (444 kB)
2025-11-21T21:12:28.9265886Z Downloading pywin32_ctypes-0.2.3-py3-none-any.whl (30 kB)
2025-11-21T21:12:28.9513563Z Downloading altgraph-0.17.5-py2.py3-none-any.whl (21 kB)
2025-11-21T21:12:29.0306249Z Installing collected packages: altgraph, pywin32-ctypes, pefile, packaging, pyinstaller-hooks-contrib, pyinstaller
2025-11-21T21:12:32.7120425Z 
2025-11-21T21:12:32.7161724Z Successfully installed altgraph-0.17.5 packaging-25.0 pefile-2023.2.7 pyinstaller-6.16.0 pyinstaller-hooks-contrib-2025.9 pywin32-ctypes-0.2.3
2025-11-21T21:12:33.5275433Z ##[group]Run pyinstaller --name "EIC_Installer_Source" --onefile --windowed --icon="logo.ico" --distpath ./dist_pyinstaller gui_app/main.py
2025-11-21T21:12:33.5276385Z [36;1mpyinstaller --name "EIC_Installer_Source" --onefile --windowed --icon="logo.ico" --distpath ./dist_pyinstaller gui_app/main.py[0m
2025-11-21T21:12:33.5340623Z shell: C:\Program Files\PowerShell\7\pwsh.EXE -command ". '{0}'"
2025-11-21T21:12:33.5341093Z env:
2025-11-21T21:12:33.5341351Z   pythonLocation: C:\hostedtoolcache\windows\Python\3.10.11\x64
2025-11-21T21:12:33.5342294Z ##[endgroup]
2025-11-21T21:12:34.0647540Z 160 INFO: PyInstaller: 6.16.0, contrib hooks: 2025.9
2025-11-21T21:12:34.0648194Z 160 INFO: Python: 3.10.11
2025-11-21T21:12:34.0739286Z 170 INFO: Platform: Windows-10-10.0.26100-SP0
2025-11-21T21:12:34.0739803Z 170 INFO: Python environment: C:\hostedtoolcache\windows\Python\3.10.11\x64
2025-11-21T21:12:34.0745509Z 170 INFO: wrote D:\a\excel-image-compressor\excel-image-compressor\EIC_Installer_Source.spec
2025-11-21T21:12:34.0778037Z 174 INFO: Module search paths (PYTHONPATH):
2025-11-21T21:12:34.0778708Z ['C:\\hostedtoolcache\\windows\\Python\\3.10.11\\x64\\Scripts\\pyinstaller.exe',
2025-11-21T21:12:34.0779468Z  'C:\\hostedtoolcache\\windows\\Python\\3.10.11\\x64\\python310.zip',
2025-11-21T21:12:34.0780138Z  'C:\\hostedtoolcache\\windows\\Python\\3.10.11\\x64\\DLLs',
2025-11-21T21:12:34.0780783Z  'C:\\hostedtoolcache\\windows\\Python\\3.10.11\\x64\\lib',
2025-11-21T21:12:34.0781454Z  'C:\\hostedtoolcache\\windows\\Python\\3.10.11\\x64',
2025-11-21T21:12:34.0782220Z  'C:\\hostedtoolcache\\windows\\Python\\3.10.11\\x64\\lib\\site-packages',
2025-11-21T21:12:34.0783030Z  'D:\\a\\excel-image-compressor\\excel-image-compressor\\gui_app']
2025-11-21T21:12:34.2746694Z 369 INFO: checking Analysis
2025-11-21T21:12:34.2748345Z 371 INFO: Building Analysis because Analysis-00.toc is non existent
2025-11-21T21:12:34.2748953Z 371 INFO: Looking for Python shared library...
2025-11-21T21:12:34.2750455Z 371 INFO: Using Python shared library: C:\hostedtoolcache\windows\Python\3.10.11\x64\python310.dll
2025-11-21T21:12:34.2751189Z 371 INFO: Running Analysis Analysis-00.toc
2025-11-21T21:12:34.2752134Z 371 INFO: Target bytecode optimization level: 0
2025-11-21T21:12:34.2752830Z 371 INFO: Initializing module dependency graph...
2025-11-21T21:12:34.2779498Z 373 INFO: Initializing module graph hook caches...
2025-11-21T21:12:34.2955635Z 391 INFO: Analyzing modules for base_library.zip ...
2025-11-21T21:12:34.6930578Z 789 INFO: Processing standard module hook 'hook-heapq.py' from 'C:\\hostedtoolcache\\windows\\Python\\3.10.11\\x64\\lib\\site-packages\\PyInstaller\\hooks'
2025-11-21T21:12:35.1656837Z 1260 INFO: Processing standard module hook 'hook-encodings.py' from 'C:\\hostedtoolcache\\windows\\Python\\3.10.11\\x64\\lib\\site-packages\\PyInstaller\\hooks'
2025-11-21T21:12:36.1832617Z 2279 INFO: Processing standard module hook 'hook-pickle.py' from 'C:\\hostedtoolcache\\windows\\Python\\3.10.11\\x64\\lib\\site-packages\\PyInstaller\\hooks'
2025-11-21T21:12:37.3178040Z 3413 INFO: Caching module dependency graph...
2025-11-21T21:12:37.3556521Z 3451 INFO: Analyzing D:\a\excel-image-compressor\excel-image-compressor\gui_app\main.py
2025-11-21T21:12:37.3584889Z 3453 INFO: Processing pre-find-module-path hook 'hook-tkinter.py' from 'C:\\hostedtoolcache\\windows\\Python\\3.10.11\\x64\\lib\\site-packages\\PyInstaller\\hooks\\pre_find_module_path'
2025-11-21T21:12:37.3588151Z 3455 INFO: TclTkInfo: initializing cached Tcl/Tk info...
2025-11-21T21:12:38.2225769Z 4318 INFO: Processing standard module hook 'hook-_tkinter.py' from 'C:\\hostedtoolcache\\windows\\Python\\3.10.11\\x64\\lib\\site-packages\\PyInstaller\\hooks'
2025-11-21T21:12:38.2902275Z 4384 INFO: Processing standard module hook 'hook-platform.py' from 'C:\\hostedtoolcache\\windows\\Python\\3.10.11\\x64\\lib\\site-packages\\PyInstaller\\hooks'
2025-11-21T21:12:38.2934376Z 4388 INFO: Processing module hooks (post-graph stage)...
2025-11-21T21:12:38.2981989Z 4392 INFO: Processing standard module hook 'hook-_tkinter.py' from 'C:\\hostedtoolcache\\windows\\Python\\3.10.11\\x64\\lib\\site-packages\\PyInstaller\\hooks'
2025-11-21T21:12:38.3093076Z 4404 INFO: Performing binary vs. data reclassification (923 entries)
2025-11-21T21:12:38.9717001Z 5067 INFO: Looking for ctypes DLLs
2025-11-21T21:12:38.9739945Z 5069 INFO: Analyzing run-time hooks ...
2025-11-21T21:12:38.9750118Z 5069 INFO: Including run-time hook 'pyi_rth_inspect.py' from 'C:\\hostedtoolcache\\windows\\Python\\3.10.11\\x64\\lib\\site-packages\\PyInstaller\\hooks\\rthooks'
2025-11-21T21:12:38.9769646Z 5071 INFO: Including run-time hook 'pyi_rth__tkinter.py' from 'C:\\hostedtoolcache\\windows\\Python\\3.10.11\\x64\\lib\\site-packages\\PyInstaller\\hooks\\rthooks'
2025-11-21T21:12:39.0062532Z 5101 INFO: Creating base_library.zip...
2025-11-21T21:12:39.0243027Z 5119 INFO: Looking for dynamic libraries
2025-11-21T21:12:39.1242134Z 5220 INFO: Extra DLL search directories (AddDllDirectory): []
2025-11-21T21:12:39.1242540Z 5220 INFO: Extra DLL search directories (PATH): []
2025-11-21T21:12:39.7348899Z 5829 INFO: Warnings written to D:\a\excel-image-compressor\excel-image-compressor\build\EIC_Installer_Source\warn-EIC_Installer_Source.txt
2025-11-21T21:12:39.7538772Z 5849 INFO: Graph cross-reference written to D:\a\excel-image-compressor\excel-image-compressor\build\EIC_Installer_Source\xref-EIC_Installer_Source.html
2025-11-21T21:12:39.7876625Z 5883 INFO: checking PYZ
2025-11-21T21:12:39.7877171Z 5883 INFO: Building PYZ because PYZ-00.toc is non existent
2025-11-21T21:12:39.7878418Z 5883 INFO: Building PYZ (ZlibArchive) D:\a\excel-image-compressor\excel-image-compressor\build\EIC_Installer_Source\PYZ-00.pyz
2025-11-21T21:12:39.9029448Z 5998 INFO: Building PYZ (ZlibArchive) D:\a\excel-image-compressor\excel-image-compressor\build\EIC_Installer_Source\PYZ-00.pyz completed successfully.
2025-11-21T21:12:39.9332988Z 6028 INFO: checking PKG
2025-11-21T21:12:39.9333717Z 6029 INFO: Building PKG because PKG-00.toc is non existent
2025-11-21T21:12:39.9334364Z 6029 INFO: Building PKG (CArchive) EIC_Installer_Source.pkg
2025-11-21T21:12:42.8618376Z 8958 INFO: Building PKG (CArchive) EIC_Installer_Source.pkg completed successfully.
2025-11-21T21:12:42.8842046Z 8980 INFO: Bootloader C:\hostedtoolcache\windows\Python\3.10.11\x64\lib\site-packages\PyInstaller\bootloader\Windows-64bit-intel\runw.exe
2025-11-21T21:12:42.8843193Z 8980 INFO: checking EXE
2025-11-21T21:12:42.8843655Z 8980 INFO: Building EXE because EXE-00.toc is non existent
2025-11-21T21:12:42.8844083Z 8980 INFO: Building EXE from EXE-00.toc
2025-11-21T21:12:42.8846528Z 8980 INFO: Copying bootloader EXE to D:\a\excel-image-compressor\excel-image-compressor\dist_pyinstaller\EIC_Installer_Source.exe
2025-11-21T21:12:42.8868176Z 8982 INFO: Copying icon to EXE
2025-11-21T21:12:42.8885226Z 8984 INFO: Copying 0 resources to EXE
2025-11-21T21:12:42.8885720Z 8984 INFO: Embedding manifest in EXE
2025-11-21T21:12:42.8902887Z 8986 INFO: Appending PKG archive to EXE
2025-11-21T21:12:42.8956574Z 8991 INFO: Fixing EXE headers
2025-11-21T21:12:42.9919434Z 9086 INFO: Building EXE from EXE-00.toc completed successfully.
2025-11-21T21:12:43.0142300Z 9110 INFO: Build complete! The results are available in: D:\a\excel-image-compressor\excel-image-compressor\dist_pyinstaller
2025-11-21T21:12:43.1684580Z ##[group]Run Copy-Item -Path .\appxmanifest.xml -Destination .\dist_pyinstaller\appxmanifest.xml
2025-11-21T21:12:43.1685319Z [36;1mCopy-Item -Path .\appxmanifest.xml -Destination .\dist_pyinstaller\appxmanifest.xml[0m
2025-11-21T21:12:43.1685859Z [36;1mCopy-Item -Path .\msix_assets -Destination .\dist_pyinstaller -Recurse[0m
2025-11-21T21:12:43.1746041Z shell: C:\Program Files\PowerShell\7\pwsh.EXE -command ". '{0}'"
2025-11-21T21:12:43.1746340Z env:
2025-11-21T21:12:43.1746609Z   pythonLocation: C:\hostedtoolcache\windows\Python\3.10.11\x64
2025-11-21T21:12:43.1746905Z ##[endgroup]
2025-11-21T21:12:43.5298827Z ##[group]Run microsoft/setup-msbuild@v1.1
2025-11-21T21:12:43.5299131Z with:
2025-11-21T21:12:43.5299302Z   msbuild-architecture: x64
2025-11-21T21:12:43.5299513Z env:
2025-11-21T21:12:43.5299741Z   pythonLocation: C:\hostedtoolcache\windows\Python\3.10.11\x64
2025-11-21T21:12:43.5300043Z ##[endgroup]
2025-11-21T21:12:43.6757442Z [command]C:\ProgramData\Chocolatey\bin\vswhere.exe -products * -requires Microsoft.Component.MSBuild -property installationPath -latest
2025-11-21T21:12:44.1136205Z C:\Program Files\Microsoft Visual Studio\2022\Enterprise
2025-11-21T21:12:44.1397598Z ##[group]Run $sdk_bin_root = "C:\Program Files (x86)\Windows Kits\10\bin"
2025-11-21T21:12:44.1398100Z [36;1m$sdk_bin_root = "C:\Program Files (x86)\Windows Kits\10\bin"[0m
2025-11-21T21:12:44.1398656Z [36;1m$latest_sdk_dir = Get-ChildItem -Path $sdk_bin_root -Directory | Sort-Object Name -Descending | Select-Object -First 1[0m
2025-11-21T21:12:44.1399252Z [36;1m$makeappx_path = Join-Path $latest_sdk_dir.FullName "x64\makeappx.exe"[0m
2025-11-21T21:12:44.1399617Z [36;1mif (-not (Test-Path $makeappx_path)) {[0m
2025-11-21T21:12:44.1400001Z [36;1m    Write-Error "makeappx.exe not found at expected path: $makeappx_path"[0m
2025-11-21T21:12:44.1400337Z [36;1m    exit 1[0m
2025-11-21T21:12:44.1400500Z [36;1m}[0m
2025-11-21T21:12:44.1400721Z [36;1mWrite-Host "Found makeappx.exe at: $makeappx_path"[0m
2025-11-21T21:12:44.1401183Z [36;1mecho "makeappx_path=$makeappx_path" | Out-File -FilePath $env:GITHUB_ENV -Encoding utf8 -Append[0m
2025-11-21T21:12:44.1700933Z shell: C:\Program Files\PowerShell\7\pwsh.EXE -command ". '{0}'"
2025-11-21T21:12:44.1701240Z env:
2025-11-21T21:12:44.1701483Z   pythonLocation: C:\hostedtoolcache\windows\Python\3.10.11\x64
2025-11-21T21:12:44.1701778Z ##[endgroup]
2025-11-21T21:12:45.2646731Z [31;1mWrite-Error: [31;1mmakeappx.exe not found at expected path: C:\Program Files (x86)\Windows Kits\10\bin\x86\x64\makeappx.exe[0m
2025-11-21T21:12:45.3178363Z ##[error]Process completed with exit code 1.
2025-11-21T21:12:45.3367049Z Post job cleanup.
2025-11-21T21:12:45.5341385Z [command]"C:\Program Files\Git\bin\git.exe" version
2025-11-21T21:12:45.5654973Z git version 2.51.2.windows.1
2025-11-21T21:12:45.5739889Z Temporarily overriding HOME='D:\a\_temp\5734f7a6-d476-466d-94b5-9514f0b0bd23' before making global git config changes
2025-11-21T21:12:45.5741071Z Adding repository directory to the temporary git global config as a safe directory
2025-11-21T21:12:45.5749075Z [command]"C:\Program Files\Git\bin\git.exe" config --global --add safe.directory D:\a\excel-image-compressor\excel-image-compressor
2025-11-21T21:12:45.6081243Z [command]"C:\Program Files\Git\bin\git.exe" config --local --name-only --get-regexp core\.sshCommand
2025-11-21T21:12:45.6398792Z [command]"C:\Program Files\Git\bin\git.exe" submodule foreach --recursive "sh -c \"git config --local --name-only --get-regexp 'core\.sshCommand' && git config --local --unset-all 'core.sshCommand' || :\""
2025-11-21T21:12:46.1787126Z [command]"C:\Program Files\Git\bin\git.exe" config --local --name-only --get-regexp http\.https\:\/\/github\.com\/\.extraheader
2025-11-21T21:12:46.2046014Z http.https://github.com/.extraheader
2025-11-21T21:12:46.2086742Z [command]"C:\Program Files\Git\bin\git.exe" config --local --unset-all http.https://github.com/.extraheader
2025-11-21T21:12:46.2366555Z [command]"C:\Program Files\Git\bin\git.exe" submodule foreach --recursive "sh -c \"git config --local --name-only --get-regexp 'http\.https\:\/\/github\.com\/\.extraheader' && git config --local --unset-all 'http.https://github.com/.extraheader' || :\""
2025-11-21T21:12:46.7483950Z Cleaning up orphan processes