2025-11-21T05:56:01.9402768Z Current runner version: '2.329.0'
2025-11-21T05:56:01.9426150Z ##[group]Runner Image Provisioner
2025-11-21T05:56:01.9426861Z Hosted Compute Agent
2025-11-21T05:56:01.9427415Z Version: 20251016.436
2025-11-21T05:56:01.9427945Z Commit: 8ab8ac8bfd662a3739dab9fe09456aba92132568
2025-11-21T05:56:01.9428649Z Build Date: 2025-10-15T20:44:12Z
2025-11-21T05:56:01.9429646Z ##[endgroup]
2025-11-21T05:56:01.9430185Z ##[group]Operating System
2025-11-21T05:56:01.9430756Z Microsoft Windows Server 2025
2025-11-21T05:56:01.9431260Z 10.0.26100
2025-11-21T05:56:01.9431734Z Datacenter
2025-11-21T05:56:01.9432140Z ##[endgroup]
2025-11-21T05:56:01.9432590Z ##[group]Runner Image
2025-11-21T05:56:01.9433067Z Image: windows-2025
2025-11-21T05:56:01.9433547Z Version: 20251102.77.1
2025-11-21T05:56:01.9434504Z Included Software: https://github.com/actions/runner-images/blob/win25/20251102.77/images/windows/Windows2025-Readme.md
2025-11-21T05:56:01.9436175Z Image Release: https://github.com/actions/runner-images/releases/tag/win25%2F20251102.77
2025-11-21T05:56:01.9437093Z ##[endgroup]
2025-11-21T05:56:01.9438126Z ##[group]GITHUB_TOKEN Permissions
2025-11-21T05:56:01.9439844Z Contents: read
2025-11-21T05:56:01.9440413Z Metadata: read
2025-11-21T05:56:01.9440856Z Packages: read
2025-11-21T05:56:01.9441306Z ##[endgroup]
2025-11-21T05:56:01.9443201Z Secret source: Actions
2025-11-21T05:56:01.9443851Z Prepare workflow directory
2025-11-21T05:56:01.9848037Z Prepare all required actions
2025-11-21T05:56:01.9903974Z Getting action download info
2025-11-21T05:56:02.2658219Z Download action repository 'actions/checkout@v3' (SHA:f43a0e5ff2bd294095638e18286ca9a3d1956744)
2025-11-21T05:56:02.4009554Z Download action repository 'actions/setup-python@v3' (SHA:3542bca2639a428e1796aaa6a2ffef0c0f575566)
2025-11-21T05:56:02.5244791Z Download action repository 'actions/upload-artifact@v4' (SHA:ea165f8d65b6e75b540449e92b4886f43607fa02)
2025-11-21T05:56:02.8564709Z Complete job name: build
2025-11-21T05:56:03.0222950Z ##[group]Run actions/checkout@v3
2025-11-21T05:56:03.0224462Z with:
2025-11-21T05:56:03.0225219Z   repository: Evolver2025/excel-image-compressor
2025-11-21T05:56:03.0226467Z   token: ***
2025-11-21T05:56:03.0227105Z   ssh-strict: true
2025-11-21T05:56:03.0227798Z   persist-credentials: true
2025-11-21T05:56:03.0228567Z   clean: true
2025-11-21T05:56:03.0229240Z   sparse-checkout-cone-mode: true
2025-11-21T05:56:03.0230067Z   fetch-depth: 1
2025-11-21T05:56:03.0230703Z   fetch-tags: false
2025-11-21T05:56:03.0231347Z   lfs: false
2025-11-21T05:56:03.0231961Z   submodules: false
2025-11-21T05:56:03.0232641Z   set-safe-directory: true
2025-11-21T05:56:03.0233591Z ##[endgroup]
2025-11-21T05:56:03.1638260Z Syncing repository: Evolver2025/excel-image-compressor
2025-11-21T05:56:03.1641974Z ##[group]Getting Git version info
2025-11-21T05:56:03.1643995Z Working directory is 'D:\a\excel-image-compressor\excel-image-compressor'
2025-11-21T05:56:03.2757028Z [command]"C:\Program Files\Git\bin\git.exe" version
2025-11-21T05:56:03.7179460Z git version 2.51.2.windows.1
2025-11-21T05:56:03.7231129Z ##[endgroup]
2025-11-21T05:56:03.7253541Z Temporarily overriding HOME='D:\a\_temp\7e3e3e5b-526b-430b-b281-abdf19e2ca83' before making global git config changes
2025-11-21T05:56:03.7254468Z Adding repository directory to the temporary git global config as a safe directory
2025-11-21T05:56:03.7262253Z [command]"C:\Program Files\Git\bin\git.exe" config --global --add safe.directory D:\a\excel-image-compressor\excel-image-compressor
2025-11-21T05:56:03.7830063Z Deleting the contents of 'D:\a\excel-image-compressor\excel-image-compressor'
2025-11-21T05:56:03.7836777Z ##[group]Initializing the repository
2025-11-21T05:56:03.7844631Z [command]"C:\Program Files\Git\bin\git.exe" init D:\a\excel-image-compressor\excel-image-compressor
2025-11-21T05:56:03.8692029Z Initialized empty Git repository in D:/a/excel-image-compressor/excel-image-compressor/.git/
2025-11-21T05:56:03.8736449Z [command]"C:\Program Files\Git\bin\git.exe" remote add origin https://github.com/Evolver2025/excel-image-compressor
2025-11-21T05:56:03.9318563Z ##[endgroup]
2025-11-21T05:56:03.9319162Z ##[group]Disabling automatic garbage collection
2025-11-21T05:56:03.9325842Z [command]"C:\Program Files\Git\bin\git.exe" config --local gc.auto 0
2025-11-21T05:56:03.9650994Z ##[endgroup]
2025-11-21T05:56:03.9651890Z ##[group]Setting up auth
2025-11-21T05:56:03.9662491Z [command]"C:\Program Files\Git\bin\git.exe" config --local --name-only --get-regexp core\.sshCommand
2025-11-21T05:56:04.0004894Z [command]"C:\Program Files\Git\bin\git.exe" submodule foreach --recursive "sh -c \"git config --local --name-only --get-regexp 'core\.sshCommand' && git config --local --unset-all 'core.sshCommand' || :\""
2025-11-21T05:56:05.5917419Z [command]"C:\Program Files\Git\bin\git.exe" config --local --name-only --get-regexp http\.https\:\/\/github\.com\/\.extraheader
2025-11-21T05:56:05.6205398Z [command]"C:\Program Files\Git\bin\git.exe" submodule foreach --recursive "sh -c \"git config --local --name-only --get-regexp 'http\.https\:\/\/github\.com\/\.extraheader' && git config --local --unset-all 'http.https://github.com/.extraheader' || :\""
2025-11-21T05:56:06.1432437Z [command]"C:\Program Files\Git\bin\git.exe" config --local http.https://github.com/.extraheader "AUTHORIZATION: basic ***"
2025-11-21T05:56:06.1734211Z ##[endgroup]
2025-11-21T05:56:06.1734772Z ##[group]Fetching the repository
2025-11-21T05:56:06.1746868Z [command]"C:\Program Files\Git\bin\git.exe" -c protocol.version=2 fetch --no-tags --prune --progress --no-recurse-submodules --depth=1 origin +6eb2dae35742aff0c78564091b29add1b7a72be3:refs/remotes/origin/main
2025-11-21T05:56:06.9388083Z remote: Enumerating objects: 26, done.        
2025-11-21T05:56:06.9389107Z remote: Counting objects:   3% (1/26)        
2025-11-21T05:56:06.9389581Z remote: Counting objects:   7% (2/26)        
2025-11-21T05:56:06.9389967Z remote: Counting objects:  11% (3/26)        
2025-11-21T05:56:06.9392676Z remote: Counting objects:  15% (4/26)        
2025-11-21T05:56:06.9393217Z remote: Counting objects:  19% (5/26)        
2025-11-21T05:56:06.9393595Z remote: Counting objects:  23% (6/26)        
2025-11-21T05:56:06.9393983Z remote: Counting objects:  26% (7/26)        
2025-11-21T05:56:06.9394363Z remote: Counting objects:  30% (8/26)        
2025-11-21T05:56:06.9394725Z remote: Counting objects:  34% (9/26)        
2025-11-21T05:56:06.9395040Z remote: Counting objects:  38% (10/26)        
2025-11-21T05:56:06.9395380Z remote: Counting objects:  42% (11/26)        
2025-11-21T05:56:06.9395695Z remote: Counting objects:  46% (12/26)        
2025-11-21T05:56:06.9396008Z remote: Counting objects:  50% (13/26)        
2025-11-21T05:56:06.9396381Z remote: Counting objects:  53% (14/26)        
2025-11-21T05:56:06.9396729Z remote: Counting objects:  57% (15/26)        
2025-11-21T05:56:06.9397045Z remote: Counting objects:  61% (16/26)        
2025-11-21T05:56:06.9397359Z remote: Counting objects:  65% (17/26)        
2025-11-21T05:56:06.9397729Z remote: Counting objects:  69% (18/26)        
2025-11-21T05:56:06.9398118Z remote: Counting objects:  73% (19/26)        
2025-11-21T05:56:06.9398426Z remote: Counting objects:  76% (20/26)        
2025-11-21T05:56:06.9398765Z remote: Counting objects:  80% (21/26)        
2025-11-21T05:56:06.9399082Z remote: Counting objects:  84% (22/26)        
2025-11-21T05:56:06.9399431Z remote: Counting objects:  88% (23/26)        
2025-11-21T05:56:06.9399824Z remote: Counting objects:  92% (24/26)        
2025-11-21T05:56:06.9400134Z remote: Counting objects:  96% (25/26)        
2025-11-21T05:56:06.9400443Z remote: Counting objects: 100% (26/26)        
2025-11-21T05:56:06.9400775Z remote: Counting objects: 100% (26/26), done.        
2025-11-21T05:56:06.9401130Z remote: Compressing objects:   4% (1/24)        
2025-11-21T05:56:06.9401463Z remote: Compressing objects:   8% (2/24)        
2025-11-21T05:56:06.9401800Z remote: Compressing objects:  12% (3/24)        
2025-11-21T05:56:06.9402744Z remote: Compressing objects:  16% (4/24)        
2025-11-21T05:56:06.9403068Z remote: Compressing objects:  20% (5/24)        
2025-11-21T05:56:06.9403410Z remote: Compressing objects:  25% (6/24)        
2025-11-21T05:56:06.9404280Z remote: Compressing objects:  29% (7/24)        
2025-11-21T05:56:06.9404711Z remote: Compressing objects:  33% (8/24)        
2025-11-21T05:56:06.9405015Z remote: Compressing objects:  37% (9/24)        
2025-11-21T05:56:06.9405317Z remote: Compressing objects:  41% (10/24)        
2025-11-21T05:56:06.9405616Z remote: Compressing objects:  45% (11/24)        
2025-11-21T05:56:06.9405902Z remote: Compressing objects:  50% (12/24)        
2025-11-21T05:56:06.9406203Z remote: Compressing objects:  54% (13/24)        
2025-11-21T05:56:06.9406491Z remote: Compressing objects:  58% (14/24)        
2025-11-21T05:56:06.9406787Z remote: Compressing objects:  62% (15/24)        
2025-11-21T05:56:06.9407081Z remote: Compressing objects:  66% (16/24)        
2025-11-21T05:56:06.9407386Z remote: Compressing objects:  70% (17/24)        
2025-11-21T05:56:06.9407670Z remote: Compressing objects:  75% (18/24)        
2025-11-21T05:56:06.9407952Z remote: Compressing objects:  79% (19/24)        
2025-11-21T05:56:06.9408243Z remote: Compressing objects:  83% (20/24)        
2025-11-21T05:56:06.9408533Z remote: Compressing objects:  87% (21/24)        
2025-11-21T05:56:06.9408833Z remote: Compressing objects:  91% (22/24)        
2025-11-21T05:56:06.9409129Z remote: Compressing objects:  95% (23/24)        
2025-11-21T05:56:06.9409432Z remote: Compressing objects: 100% (24/24)        
2025-11-21T05:56:06.9409751Z remote: Compressing objects: 100% (24/24), done.        
2025-11-21T05:56:07.0203697Z remote: Total 26 (delta 0), reused 23 (delta 0), pack-reused 0 (from 0)        
2025-11-21T05:56:07.1179636Z From https://github.com/Evolver2025/excel-image-compressor
2025-11-21T05:56:07.1181651Z  * [new ref]         6eb2dae35742aff0c78564091b29add1b7a72be3 -> origin/main
2025-11-21T05:56:07.1600891Z ##[endgroup]
2025-11-21T05:56:07.1601523Z ##[group]Determining the checkout info
2025-11-21T05:56:07.1604484Z ##[endgroup]
2025-11-21T05:56:07.1605094Z ##[group]Checking out the ref
2025-11-21T05:56:07.1613195Z [command]"C:\Program Files\Git\bin\git.exe" checkout --progress --force -B main refs/remotes/origin/main
2025-11-21T05:56:07.2329394Z branch 'main' set up to track 'origin/main'.
2025-11-21T05:56:07.2336849Z Switched to a new branch 'main'
2025-11-21T05:56:07.2370437Z ##[endgroup]
2025-11-21T05:56:07.2808522Z [command]"C:\Program Files\Git\bin\git.exe" log -1 --format='%H'
2025-11-21T05:56:07.3063179Z '6eb2dae35742aff0c78564091b29add1b7a72be3'
2025-11-21T05:56:07.3428219Z ##[group]Run actions/setup-python@v3
2025-11-21T05:56:07.3428517Z with:
2025-11-21T05:56:07.3428678Z   python-version: 3.10
2025-11-21T05:56:07.3428997Z   token: ***
2025-11-21T05:56:07.3429150Z ##[endgroup]
2025-11-21T05:56:07.5186630Z Successfully setup CPython (3.10.11)
2025-11-21T05:56:07.5428398Z ##[group]Run python -m pip install --upgrade pip
2025-11-21T05:56:07.5428823Z [36;1mpython -m pip install --upgrade pip[0m
2025-11-21T05:56:07.5429102Z [36;1mpip install pyinstaller[0m
2025-11-21T05:56:07.6462409Z shell: C:\Program Files\PowerShell\7\pwsh.EXE -command ". '{0}'"
2025-11-21T05:56:07.6462810Z env:
2025-11-21T05:56:07.6463114Z   pythonLocation: C:\hostedtoolcache\windows\Python\3.10.11\x64
2025-11-21T05:56:07.6463493Z ##[endgroup]
2025-11-21T05:56:17.3782245Z Requirement already satisfied: pip in c:\hostedtoolcache\windows\python\3.10.11\x64\lib\site-packages (25.3)
2025-11-21T05:56:18.8269094Z Collecting pyinstaller
2025-11-21T05:56:18.8795458Z   Downloading pyinstaller-6.16.0-py3-none-win_amd64.whl.metadata (8.5 kB)
2025-11-21T05:56:18.9319710Z Collecting altgraph (from pyinstaller)
2025-11-21T05:56:18.9368619Z   Downloading altgraph-0.17.4-py2.py3-none-any.whl.metadata (7.3 kB)
2025-11-21T05:56:18.9914194Z Collecting packaging>=22.0 (from pyinstaller)
2025-11-21T05:56:18.9960027Z   Downloading packaging-25.0-py3-none-any.whl.metadata (3.3 kB)
2025-11-21T05:56:19.0478476Z Collecting pefile!=2024.8.26,>=2022.5.30 (from pyinstaller)
2025-11-21T05:56:19.0625589Z   Downloading pefile-2023.2.7-py3-none-any.whl.metadata (1.4 kB)
2025-11-21T05:56:19.1326139Z Collecting pyinstaller-hooks-contrib>=2025.8 (from pyinstaller)
2025-11-21T05:56:19.1401474Z   Downloading pyinstaller_hooks_contrib-2025.9-py3-none-any.whl.metadata (16 kB)
2025-11-21T05:56:19.1961154Z Collecting pywin32-ctypes>=0.2.1 (from pyinstaller)
2025-11-21T05:56:19.2024724Z   Downloading pywin32_ctypes-0.2.3-py3-none-any.whl.metadata (3.9 kB)
2025-11-21T05:56:19.2252990Z Requirement already satisfied: setuptools>=42.0.0 in c:\hostedtoolcache\windows\python\3.10.11\x64\lib\site-packages (from pyinstaller) (65.5.0)
2025-11-21T05:56:19.2407462Z Downloading pyinstaller-6.16.0-py3-none-win_amd64.whl (1.4 MB)
2025-11-21T05:56:19.2814052Z    ---------------------------------------- 1.4/1.4 MB 35.9 MB/s  0:00:00
2025-11-21T05:56:19.2862718Z Downloading packaging-25.0-py3-none-any.whl (66 kB)
2025-11-21T05:56:19.3226409Z Downloading pefile-2023.2.7-py3-none-any.whl (71 kB)
2025-11-21T05:56:19.3518198Z Downloading pyinstaller_hooks_contrib-2025.9-py3-none-any.whl (444 kB)
2025-11-21T05:56:19.3824661Z Downloading pywin32_ctypes-0.2.3-py3-none-any.whl (30 kB)
2025-11-21T05:56:19.4121724Z Downloading altgraph-0.17.4-py2.py3-none-any.whl (21 kB)
2025-11-21T05:56:19.5004763Z Installing collected packages: altgraph, pywin32-ctypes, pefile, packaging, pyinstaller-hooks-contrib, pyinstaller
2025-11-21T05:56:23.5019739Z 
2025-11-21T05:56:23.5059963Z Successfully installed altgraph-0.17.4 packaging-25.0 pefile-2023.2.7 pyinstaller-6.16.0 pyinstaller-hooks-contrib-2025.9 pywin32-ctypes-0.2.3
2025-11-21T05:56:24.2472443Z ##[group]Run pyinstaller --name "EIC_Installer_Source" --onefile --windowed --icon="logo.ico" --distpath ./dist_pyinstaller
2025-11-21T05:56:24.2527167Z [36;1mpyinstaller --name "EIC_Installer_Source" --onefile --windowed --icon="logo.ico" --distpath ./dist_pyinstaller[0m
2025-11-21T05:56:24.2591554Z shell: C:\Program Files\PowerShell\7\pwsh.EXE -command ". '{0}'"
2025-11-21T05:56:24.2591893Z env:
2025-11-21T05:56:24.2592124Z   pythonLocation: C:\hostedtoolcache\windows\Python\3.10.11\x64
2025-11-21T05:56:24.2592431Z ##[endgroup]
2025-11-21T05:56:25.0524771Z usage: pyinstaller [-h] [-v] [-D] [-F] [--specpath DIR] [-n NAME]
2025-11-21T05:56:25.0525683Z                    [--contents-directory CONTENTS_DIRECTORY]
2025-11-21T05:56:25.0526249Z                    [--add-data SOURCE:DEST] [--add-binary SOURCE:DEST]
2025-11-21T05:56:25.0526788Z                    [-p DIR] [--hidden-import MODULENAME]
2025-11-21T05:56:25.0527422Z                    [--collect-submodules MODULENAME]
2025-11-21T05:56:25.0528060Z                    [--collect-data MODULENAME] [--collect-binaries MODULENAME]
2025-11-21T05:56:25.0528829Z                    [--collect-all MODULENAME] [--copy-metadata PACKAGENAME]
2025-11-21T05:56:25.0529515Z                    [--recursive-copy-metadata PACKAGENAME]
2025-11-21T05:56:25.0530061Z                    [--additional-hooks-dir HOOKSPATH]
2025-11-21T05:56:25.0530682Z                    [--runtime-hook RUNTIME_HOOKS] [--exclude-module EXCLUDES]
2025-11-21T05:56:25.0531276Z                    [--splash IMAGE_FILE]
2025-11-21T05:56:25.0531843Z                    [-d {all,imports,bootloader,noarchive}] [--optimize LEVEL]
2025-11-21T05:56:25.0532519Z                    [--python-option PYTHON_OPTION] [-s] [--noupx]
2025-11-21T05:56:25.0533191Z                    [--upx-exclude FILE] [-c] [-w]
2025-11-21T05:56:25.0533932Z                    [--hide-console {hide-early,minimize-late,minimize-early,hide-late}]
2025-11-21T05:56:25.0534832Z                    [-i <FILE.ico or FILE.exe,ID or FILE.icns or Image or "NONE">]
2025-11-21T05:56:25.0535559Z                    [--disable-windowed-traceback] [--version-file FILE]
2025-11-21T05:56:25.0536292Z                    [--manifest <FILE or XML>] [-m <FILE or XML>] [-r RESOURCE]
2025-11-21T05:56:25.0537432Z                    [--uac-admin] [--uac-uiaccess] [--argv-emulation]
2025-11-21T05:56:25.0538034Z                    [--osx-bundle-identifier BUNDLE_IDENTIFIER]
2025-11-21T05:56:25.0538722Z                    [--target-architecture ARCH] [--codesign-identity IDENTITY]
2025-11-21T05:56:25.0539535Z                    [--osx-entitlements-file FILENAME] [--runtime-tmpdir PATH]
2025-11-21T05:56:25.0540178Z                    [--bootloader-ignore-signals] [--distpath DIR]
2025-11-21T05:56:25.0540810Z                    [--workpath WORKPATH] [-y] [--upx-dir UPX_DIR] [--clean]
2025-11-21T05:56:25.0541323Z                    [--log-level LEVEL]
2025-11-21T05:56:25.0541787Z                    scriptname [scriptname ...]
2025-11-21T05:56:25.0542349Z pyinstaller: error: the following arguments are required: scriptname
2025-11-21T05:56:25.1873156Z ##[error]Process completed with exit code 1.
2025-11-21T05:56:25.2083010Z Post job cleanup.
2025-11-21T05:56:25.4086755Z [command]"C:\Program Files\Git\bin\git.exe" version
2025-11-21T05:56:25.4358008Z git version 2.51.2.windows.1
2025-11-21T05:56:25.4433878Z Temporarily overriding HOME='D:\a\_temp\4fb261bf-32ce-416e-ac3f-afcbb2d17ef2' before making global git config changes
2025-11-21T05:56:25.4434742Z Adding repository directory to the temporary git global config as a safe directory
2025-11-21T05:56:25.4442755Z [command]"C:\Program Files\Git\bin\git.exe" config --global --add safe.directory D:\a\excel-image-compressor\excel-image-compressor
2025-11-21T05:56:25.4741546Z [command]"C:\Program Files\Git\bin\git.exe" config --local --name-only --get-regexp core\.sshCommand
2025-11-21T05:56:25.5042933Z [command]"C:\Program Files\Git\bin\git.exe" submodule foreach --recursive "sh -c \"git config --local --name-only --get-regexp 'core\.sshCommand' && git config --local --unset-all 'core.sshCommand' || :\""
2025-11-21T05:56:26.0662688Z [command]"C:\Program Files\Git\bin\git.exe" config --local --name-only --get-regexp http\.https\:\/\/github\.com\/\.extraheader
2025-11-21T05:56:26.0928110Z http.https://github.com/.extraheader
2025-11-21T05:56:26.0970678Z [command]"C:\Program Files\Git\bin\git.exe" config --local --unset-all http.https://github.com/.extraheader
2025-11-21T05:56:26.1260490Z [command]"C:\Program Files\Git\bin\git.exe" submodule foreach --recursive "sh -c \"git config --local --name-only --get-regexp 'http\.https\:\/\/github\.com\/\.extraheader' && git config --local --unset-all 'http.https://github.com/.extraheader' || :\""
2025-11-21T05:56:26.6444414Z Cleaning up orphan processes